// Jest Snapshot v1, https://goo.gl/fbAQLP

exports[`should render component with default fixture 1`] = `
Array [
  ,
  <tbody>
    <td>
      Test
      <lasso-img
        src="."
      />
    </td>
  </tbody>,
  ,
]
`;
