// Jest Snapshot v1, https://goo.gl/fbAQLP

exports[`should render component with index fixture 1`] = `
Array [
  ,
  <div
    class="inner-legacy"
  >
    "world"
  </div>,
  ,
]
`;
