// Jest Snapshot v1, https://goo.gl/fbAQLP

exports[`should render component with hidden fixture 1`] = `
Array [
  ,
  ,
]
`;
