// Jest Snapshot v1, https://goo.gl/fbAQLP

exports[`should render component with default fixture 1`] = `
Array [
  ,
  <div
    class="mock-component"
  >
    <h1>
      hello
    </h1>
    <button
      type="button"
    />
    <tbody-component
      attribute="{\\"title\\":\\"hello\\",\\"i\\":0}"
    >
      <at_body>
        body is here
      </at_body>
    </tbody-component>
  </div>,
  ,
]
`;
